// Jest Snapshot v1, https://goo.gl/fbAQLP

exports[`<ModelExplanation /> Should render correctly 1`] = `
<section
  className="pure-g pure-centered ModelExplanation"
>
  <div
    className="pure-u-1-1 pure-u-md-5-6"
  >
    <div
      className="pure-g pure-centered ModelExplanation__text"
    >
      <div
        className="pure-u-1-1"
      >
        <h1
          className="ModelExplanation__heading"
        >
          För ett gott ändamål
        </h1>
        <p
          className="pure-u-5-6 ModelExplanation__paragraph"
        >
          Hedvig betalar dig blixtsnabbt och har inget intresse av att säga nej, eftersom allt överskott skänks till ett gott ändamål. Du väljer vilket!
        </p>
      </div>
    </div>
    <div
      className="pure-g pure-centered ModelExplanation__icons"
    >
      <div
        className="pure-u-1-1 pure-u-md-1-3 ModelExplanation__icon"
      >
        <LazyLoad
          height={166}
          offset={200}
          once={false}
          overflow={false}
          resize={false}
          scroll={true}
          unmountIfInvisible={false}
        >
          <img
            alt="Hedvig Logo"
            height={166}
            src="/assets/icons/profil/personlig_info.svg"
            width={166}
          />
        </LazyLoad>
        <p>
          Hedvig tar en fast avgift för att ge dig blixtsnabb service
        </p>
      </div>
      <div
        className="pure-u-1-1 pure-u-md-1-3 ModelExplanation__icon"
      >
        <LazyLoad
          height={166}
          offset={200}
          once={false}
          overflow={false}
          resize={false}
          scroll={true}
          unmountIfInvisible={false}
        >
          <img
            alt="Skadad telefon"
            height={166}
            src="/assets/icons/perils/mina_prylar/drulle.svg"
            width={166}
          />
        </LazyLoad>
        <p>
          Resten av din månadskostnad går till att täcka skador
        </p>
      </div>
      <div
        className="pure-u-1-1 pure-u-md-1-3 ModelExplanation__icon"
      >
        <LazyLoad
          height={166}
          offset={200}
          once={false}
          overflow={false}
          resize={false}
          scroll={true}
          unmountIfInvisible={false}
        >
          <img
            alt="Hjärta"
            height={166}
            src="/assets/icons/profil/valgorenhet.svg"
            width={166}
          />
        </LazyLoad>
        <p>
          Ett bra år med lite skador blir det pengar över, det skänker vi till ett gott ändamål
        </p>
      </div>
    </div>
  </div>
</section>
`;
