// Jest Snapshot v1, https://goo.gl/fbAQLP

exports[`<Legal /> Should render correctly 1`] = `
<main
  className="Site"
>
  <HelmetWrapper
    defer={true}
    encodeSpecialCharacters={true}
  >
    <title>
      Legal information | Hedvig
    </title>
  </HelmetWrapper>
  <Header
    isInverted={false}
  />
  <article
    className="Site-content"
  >
    <div
      className="u-backgroundSecondaryPink"
    >
      <div
        className="Container"
      >
        <h1
          className="u-spaceMT2 u-spaceMB8 u-md-spaceMB6 u-lg-spaceMB6 u-fontFamilyHeader u-fontSize5 u-md-fontSize3 u-lg-fontSize2"
        >
          Legal information
        </h1>
      </div>
    </div>
    <div
      className="Container u-md-spaceMT10 u-lg-spaceMT10 u-spaceMB5 u-md-spaceMB3 u-lg-spaceMB3"
    >
      <div
        className="u-maxWidth1of1"
      >
        <section
          className=""
        >
          <div
            className=""
          >
            <h2
              className="u-spaceMT5 u-spaceMB10 u-fontFamilyHeader u-fontSize8 u-md-fontSize7 u-lg-fontSize7"
            >
              Förmedling av försäkringar
            </h2>
          </div>
          <div
            className=""
          >
            <p
              className="u-lg-fontSize9 u-spaceMB9"
            >
              Hedvig står under Finansinspektionens tillsyn som förmedlare av försäkringar och på våra försäkringsavtal tillämpas Försäkringsavtalslagen (2005:104).
            </p>
            <p
              className="u-lg-fontSize9 u-spaceMB9"
            >
              Exklusiv försäkringsgivare för Hedvigs försäkringar är International Insurance Company of Hannover SE. Hedvigs ersättning mottagen från dig som kund består av en fast procentavgift av din premie.
            </p>
            <p
              className="u-lg-fontSize9 u-spaceMB9"
            >
              Hedvig är registrerat hos Bolagsverket och har sin ansvarsförsäkring hos QBE Insurance (Europe) Ltd., UK filial Sverige. Se längst ner på sidan för kontaktuppgifter till Finansinspektionen, Bolagsverket och QBE.
            </p>
          </div>
        </section>
        <section
          className=""
        >
          <div
            className=""
          >
            <h2
              className="u-spaceMT5 u-spaceMB10 u-fontFamilyHeader u-fontSize8 u-md-fontSize7 u-lg-fontSize7"
            >
              Om du inte är nöjd
            </h2>
          </div>
          <div
            className=""
          >
            <p
              className="u-lg-fontSize9 u-spaceMB9"
            >
              Om du har ett allmänt klagomål eller är missnöjd med någonting i ett skadeärende, kontakta Hedvig direkt via din app eller maila
               
              <a
                href="mailto:hedvig@hedvig.com"
              >
                hedvig@hedvig.com
              </a>
              .
            </p>
            <p
              className="u-lg-fontSize9 u-spaceMB9"
            >
              Du kan också vända dig till Konsumentvägledningen i din kommun eller till Konsumenternas Försäkringsbyrå. Vid tvist kan du vända dig till Allmänna reklamationsnämnden eller till allmän domstol.
            </p>
          </div>
        </section>
        <section
          className=""
        >
          <div
            className=""
          >
            <h2
              className="u-spaceMT5 u-spaceMB10 u-fontFamilyHeader u-fontSize8 u-md-fontSize7 u-lg-fontSize7"
            >
              Dataskydd
            </h2>
          </div>
          <div
            className=""
          >
            <p
              className="u-lg-fontSize9 u-spaceMB9"
            >
              Hedvig, och i förekommande fall International Insurance Company of Hannover SE, använder personuppgifter i administration, skadereglering, marknads- och kundanalys, produktutveckling, marknadsföring och för statistiska ändamål. Vi behandlar uppgifterna i enlighet med Personuppgiftslagen (1998:204).
            </p>
            <p
              className="u-lg-fontSize9 u-spaceMB9"
            >
              Personuppgifterna kan komma att kompletteras med uppgifter ur offentliga register, främst statens person- och adressregister (SPAR) och kan komma att lämnas ut till samarbetspartners. I vissa fall är vi också enligt lag skyldiga att lämna ut uppgifter till bland andra Finansinspektionen och Skatteverket. Du har rätt att ansöka om att få veta vilka personuppgifter vi har om dig och begära rättelse av felaktiga uppgifter.
            </p>
          </div>
        </section>
        <section
          className=""
        >
          <div
            className=""
          >
            <h2
              className="u-spaceMT5 u-spaceMB10 u-fontFamilyHeader u-fontSize8 u-md-fontSize7 u-lg-fontSize7"
            >
              Cookies
            </h2>
          </div>
          <div
            className=""
          >
            <p
              className="u-lg-fontSize9 u-spaceMB9"
            >
              En cookie är en liten datafil som lagras i din dator. Hedvig värnar om din integritet och ditt förtroende är vår mest värdefulla tillgång. Här förklaras hur vi samlar in och använder cookies och hur vi skyddar din integritet i samband med detta.
            </p>
            <h3
              className="u-spaceMT8 u-spaceMB10 u-fontSize11 u-md-fontSize10 u-lg-fontSize9"
            >
              Användning av cookies
            </h3>
            <p
              className="u-lg-fontSize9 u-spaceMB9"
            >
              För att ge dig som Hedvig-användare en så bra upplevelse som möjligt använder vi cookies på denna webbplats, och liknande tekniker i våra appar. Dessutom kan cookies från tredje part användas i de fall vi använder externa tjänster för att förbättra produkten. Hedvig använder två typer av cookies, dels sessionsbaserade cookies, som försvinner så fort du stänger ner din webbläsare, men även mer långlivade cookies för vissa syften.
            </p>
            <h3
              className="u-spaceMT8 u-spaceMB10 u-fontSize11 u-md-fontSize10 u-lg-fontSize9"
            >
              Syftet med cookies
            </h3>
            <p
              className="u-lg-fontSize9 u-spaceMB9"
            >
              Huvudsyftet med Hedvigs användning av cookies är för att förbättra de tjänster vi erbjuder.
            </p>
            <p
              className="u-lg-fontSize9 u-spaceMB9"
            >
              Vi använder cookies för att hantera inloggningar och öka säkerheten för våra användare, att analysera användare och användarbeteende anonymt för att veta vilka delar av tjänsten vi bör förbättra, att analysera hur våra mailutskick fungerar och att vi skickar information som du som användare uppskattar, samt för att komma ihåg inställningar och andra val som du gör på våra webbplatser.
            </p>
            <h3
              className="u-spaceMT8 u-spaceMB10 u-fontSize11 u-md-fontSize10 u-lg-fontSize9"
            >
              Hantera dina cookies
            </h3>
            <p
              className="u-lg-fontSize9 u-spaceMB9"
            >
              Om du inte vill att vi använder cookies kan du enkelt stänga av detta. I din webbläsare kan du göra inställningar som hindrar Hedvig och andra från att registrera cookies på din dator. Sådana inställningar innebära dock att vissa funktioner på de flesta webbplatser inte kommer att fungera.
            </p>
            <p
              className="u-lg-fontSize9 u-spaceMB9"
            >
              Om du vill kan du i de flesta webbläsares inställningar välja att bara stänga av spårning, vilket innebär att Hedvig inte samkör data från våra egna och i förekommande fall våra partners webbplatser.
            </p>
            <p
              className="u-lg-fontSize9 u-spaceMB9"
            >
              För att göra samma sak på din telefon kan du för iOS under integritets- och reklaminställningar välja att begränsa spårning. För Android gör du detta under Google-inställningar och annonser.
            </p>
          </div>
        </section>
        <section
          className=""
        >
          <div
            className=""
          >
            <h2
              className="u-spaceMT5 u-spaceMB10 u-fontFamilyHeader u-fontSize8 u-md-fontSize7 u-lg-fontSize7"
            >
              Kontaktuppgifter
            </h2>
          </div>
          <div
            className=""
          >
            <h3
              className="u-spaceMT8 u-spaceMB10 u-fontSize11 u-md-fontSize10 u-lg-fontSize9"
            >
              Finansinspektionen
            </h3>
            <address
              className="u-lg-fontSize9 u-fontStyleNormal"
            >
              Box 7821
              <br />
              103 97 Stockholm
              <br />
              finansinspektionen@fi.se
              <br />
              T: 08-408 980 00
            </address>
            <h3
              className="u-spaceMT8 u-spaceMB10 u-fontSize11 u-md-fontSize10 u-lg-fontSize9"
            >
              Bolagsverket
            </h3>
            <address
              className="u-lg-fontSize9 u-fontStyleNormal"
            >
              851 81 Sundsvall
              <br />
              bolagsverket@bolagsverket.se
              <br />
              T: 0771-670 670
            </address>
            <h3
              className="u-spaceMT8 u-spaceMB10 u-fontSize11 u-md-fontSize10 u-lg-fontSize9"
            >
              International Insurance Company of Hannover SE, Sverige filial
            </h3>
            <address
              className="u-lg-fontSize9 u-fontStyleNormal"
            >
              Box 22085
              <br />
              Hantverkargatan 25
              <br />
              104 22 Stockholm
              <br />
              T: 08-617 54 00
              <br />
            </address>
            <h3
              className="u-spaceMT8 u-spaceMB10 u-fontSize11 u-md-fontSize10 u-lg-fontSize9"
            >
              QBE Insurance (Europe) Ltd., UK filial Sverige
            </h3>
            <address
              className="u-lg-fontSize9 u-fontStyleNormal"
            >
              Sveavägen 13
              <br />
              111 57 Stockholm
              <br />
              T: 08-587 514 00
              <br />
            </address>
          </div>
        </section>
      </div>
    </div>
  </article>
  <Footer />
</main>
`;
