// Jest Snapshot v1, https://goo.gl/fbAQLP

exports[`<Contact /> Should render correctly 1`] = `
<main
  className="Contact"
>
  <HelmetWrapper
    defer={true}
    encodeSpecialCharacters={true}
  >
    <title>
      Kontakt | Hedvig
    </title>
  </HelmetWrapper>
  <Header />
  <article
    className="pure-g Contact__article"
  >
    <h1
      className="pure-u-1-1 Contact__header"
    >
      Vill du komma i kontakt med oss?
    </h1>
    <section
      className="pure-u-1-1 Contact__text"
    >
      <a
        href="mailto:hedvig@hedvig.com"
      >
        hedvig@hedvig.com
      </a>
      <br />
      <a
        href="mailto:press@hedvig.com"
      >
        press@hedvig.com
      </a>
      <br />
      <a
        href="mailto:careers@hedvig.com"
      >
        careers@hedvig.com
      </a>
      <br />
    </section>
  </article>
  <Footer />
</main>
`;
